// Jest Snapshot v1, https://goo.gl/fbAQLP

exports[`tests to CounterApp render, and default param should render properly and match with the snapshot  1`] = `
<Fragment>
  <h1>
    CounterApp
  </h1>
  <h2>
    1
  </h2>
  <button
    onClick={[Function]}
  >
    +1
  </button>
  <button
    onClick={[Function]}
  >
    Reset
  </button>
  <button
    onClick={[Function]}
  >
    -1
  </button>
</Fragment>
`;
